[    2117ms] [ERROR] Access to fetch at 'https://rouanetconcilia-backend-y19v.onrender.com/health' from origin 'https://concilia-rouanet.onrender.com' has been blocked by CORS policy: No 'Access-Control-Allow-Origin' header is present on the requested resource. @ https://concilia-rouanet.onrender.com/?deploy=a809daa:0
[    2117ms] [ERROR] Failed to load resource: net::ERR_FAILED @ https://rouanetconcilia-backend-y19v.onrender.com/health:0
[   12115ms] [ERROR] Access to fetch at 'https://rouanetconcilia-backend-y19v.onrender.com/health' from origin 'https://concilia-rouanet.onrender.com' has been blocked by CORS policy: No 'Access-Control-Allow-Origin' header is present on the requested resource. @ https://concilia-rouanet.onrender.com/?deploy=a809daa:0
[   12115ms] [ERROR] Failed to load resource: net::ERR_FAILED @ https://rouanetconcilia-backend-y19v.onrender.com/health:0
[   22117ms] [ERROR] Access to fetch at 'https://rouanetconcilia-backend-y19v.onrender.com/health' from origin 'https://concilia-rouanet.onrender.com' has been blocked by CORS policy: No 'Access-Control-Allow-Origin' header is present on the requested resource. @ https://concilia-rouanet.onrender.com/?deploy=a809daa:0
[   22117ms] [ERROR] Failed to load resource: net::ERR_FAILED @ https://rouanetconcilia-backend-y19v.onrender.com/health:0
[   32107ms] [ERROR] Access to fetch at 'https://rouanetconcilia-backend-y19v.onrender.com/health' from origin 'https://concilia-rouanet.onrender.com' has been blocked by CORS policy: No 'Access-Control-Allow-Origin' header is present on the requested resource. @ https://concilia-rouanet.onrender.com/?deploy=a809daa:0
[   32108ms] [ERROR] Failed to load resource: net::ERR_FAILED @ https://rouanetconcilia-backend-y19v.onrender.com/health:0
[   42120ms] [ERROR] Access to fetch at 'https://rouanetconcilia-backend-y19v.onrender.com/health' from origin 'https://concilia-rouanet.onrender.com' has been blocked by CORS policy: No 'Access-Control-Allow-Origin' header is present on the requested resource. @ https://concilia-rouanet.onrender.com/?deploy=a809daa:0
[   42120ms] [ERROR] Failed to load resource: net::ERR_FAILED @ https://rouanetconcilia-backend-y19v.onrender.com/health:0
[   52093ms] [ERROR] Access to fetch at 'https://rouanetconcilia-backend-y19v.onrender.com/health' from origin 'https://concilia-rouanet.onrender.com' has been blocked by CORS policy: No 'Access-Control-Allow-Origin' header is present on the requested resource. @ https://concilia-rouanet.onrender.com/?deploy=a809daa:0
[   52093ms] [ERROR] Failed to load resource: net::ERR_FAILED @ https://rouanetconcilia-backend-y19v.onrender.com/health:0
[   62088ms] [ERROR] Access to fetch at 'https://rouanetconcilia-backend-y19v.onrender.com/health' from origin 'https://concilia-rouanet.onrender.com' has been blocked by CORS policy: No 'Access-Control-Allow-Origin' header is present on the requested resource. @ https://concilia-rouanet.onrender.com/?deploy=a809daa:0
[   62088ms] [ERROR] Failed to load resource: net::ERR_FAILED @ https://rouanetconcilia-backend-y19v.onrender.com/health:0
[   72082ms] [ERROR] Access to fetch at 'https://rouanetconcilia-backend-y19v.onrender.com/health' from origin 'https://concilia-rouanet.onrender.com' has been blocked by CORS policy: No 'Access-Control-Allow-Origin' header is present on the requested resource. @ https://concilia-rouanet.onrender.com/?deploy=a809daa:0
[   72082ms] [ERROR] Failed to load resource: net::ERR_FAILED @ https://rouanetconcilia-backend-y19v.onrender.com/health:0
[   82130ms] [ERROR] Access to fetch at 'https://rouanetconcilia-backend-y19v.onrender.com/health' from origin 'https://concilia-rouanet.onrender.com' has been blocked by CORS policy: No 'Access-Control-Allow-Origin' header is present on the requested resource. @ https://concilia-rouanet.onrender.com/?deploy=a809daa:0
[   82131ms] [ERROR] Failed to load resource: net::ERR_FAILED @ https://rouanetconcilia-backend-y19v.onrender.com/health:0
[   92082ms] [ERROR] Access to fetch at 'https://rouanetconcilia-backend-y19v.onrender.com/health' from origin 'https://concilia-rouanet.onrender.com' has been blocked by CORS policy: No 'Access-Control-Allow-Origin' header is present on the requested resource. @ https://concilia-rouanet.onrender.com/?deploy=a809daa:0
[   92082ms] [ERROR] Failed to load resource: net::ERR_FAILED @ https://rouanetconcilia-backend-y19v.onrender.com/health:0
[  102120ms] [ERROR] Access to fetch at 'https://rouanetconcilia-backend-y19v.onrender.com/health' from origin 'https://concilia-rouanet.onrender.com' has been blocked by CORS policy: No 'Access-Control-Allow-Origin' header is present on the requested resource. @ https://concilia-rouanet.onrender.com/?deploy=a809daa:0
[  102120ms] [ERROR] Failed to load resource: net::ERR_FAILED @ https://rouanetconcilia-backend-y19v.onrender.com/health:0
[  112088ms] [ERROR] Access to fetch at 'https://rouanetconcilia-backend-y19v.onrender.com/health' from origin 'https://concilia-rouanet.onrender.com' has been blocked by CORS policy: No 'Access-Control-Allow-Origin' header is present on the requested resource. @ https://concilia-rouanet.onrender.com/?deploy=a809daa:0
[  112088ms] [ERROR] Failed to load resource: net::ERR_FAILED @ https://rouanetconcilia-backend-y19v.onrender.com/health:0
[  122113ms] [ERROR] Access to fetch at 'https://rouanetconcilia-backend-y19v.onrender.com/health' from origin 'https://concilia-rouanet.onrender.com' has been blocked by CORS policy: No 'Access-Control-Allow-Origin' header is present on the requested resource. @ https://concilia-rouanet.onrender.com/?deploy=a809daa:0
[  122113ms] [ERROR] Failed to load resource: net::ERR_FAILED @ https://rouanetconcilia-backend-y19v.onrender.com/health:0
[  132110ms] [ERROR] Access to fetch at 'https://rouanetconcilia-backend-y19v.onrender.com/health' from origin 'https://concilia-rouanet.onrender.com' has been blocked by CORS policy: No 'Access-Control-Allow-Origin' header is present on the requested resource. @ https://concilia-rouanet.onrender.com/?deploy=a809daa:0
[  132110ms] [ERROR] Failed to load resource: net::ERR_FAILED @ https://rouanetconcilia-backend-y19v.onrender.com/health:0
[  142131ms] [ERROR] Access to fetch at 'https://rouanetconcilia-backend-y19v.onrender.com/health' from origin 'https://concilia-rouanet.onrender.com' has been blocked by CORS policy: No 'Access-Control-Allow-Origin' header is present on the requested resource. @ https://concilia-rouanet.onrender.com/?deploy=a809daa:0
[  142131ms] [ERROR] Failed to load resource: net::ERR_FAILED @ https://rouanetconcilia-backend-y19v.onrender.com/health:0
[  152201ms] [ERROR] Access to fetch at 'https://rouanetconcilia-backend-y19v.onrender.com/health' from origin 'https://concilia-rouanet.onrender.com' has been blocked by CORS policy: No 'Access-Control-Allow-Origin' header is present on the requested resource. @ https://concilia-rouanet.onrender.com/?deploy=a809daa:0
[  152202ms] [ERROR] Failed to load resource: net::ERR_FAILED @ https://rouanetconcilia-backend-y19v.onrender.com/health:0
[  162105ms] [ERROR] Access to fetch at 'https://rouanetconcilia-backend-y19v.onrender.com/health' from origin 'https://concilia-rouanet.onrender.com' has been blocked by CORS policy: No 'Access-Control-Allow-Origin' header is present on the requested resource. @ https://concilia-rouanet.onrender.com/?deploy=a809daa:0
[  162106ms] [ERROR] Failed to load resource: net::ERR_FAILED @ https://rouanetconcilia-backend-y19v.onrender.com/health:0
[  172122ms] [ERROR] Access to fetch at 'https://rouanetconcilia-backend-y19v.onrender.com/health' from origin 'https://concilia-rouanet.onrender.com' has been blocked by CORS policy: No 'Access-Control-Allow-Origin' header is present on the requested resource. @ https://concilia-rouanet.onrender.com/?deploy=a809daa:0
[  172122ms] [ERROR] Failed to load resource: net::ERR_FAILED @ https://rouanetconcilia-backend-y19v.onrender.com/health:0
[  182220ms] [ERROR] Access to fetch at 'https://rouanetconcilia-backend-y19v.onrender.com/health' from origin 'https://concilia-rouanet.onrender.com' has been blocked by CORS policy: No 'Access-Control-Allow-Origin' header is present on the requested resource. @ https://concilia-rouanet.onrender.com/?deploy=a809daa:0
[  182220ms] [ERROR] Failed to load resource: net::ERR_FAILED @ https://rouanetconcilia-backend-y19v.onrender.com/health:0
[  192316ms] [ERROR] Access to fetch at 'https://rouanetconcilia-backend-y19v.onrender.com/health' from origin 'https://concilia-rouanet.onrender.com' has been blocked by CORS policy: No 'Access-Control-Allow-Origin' header is present on the requested resource. @ https://concilia-rouanet.onrender.com/?deploy=a809daa:0
[  192316ms] [ERROR] Failed to load resource: net::ERR_FAILED @ https://rouanetconcilia-backend-y19v.onrender.com/health:0
[  202112ms] [ERROR] Access to fetch at 'https://rouanetconcilia-backend-y19v.onrender.com/health' from origin 'https://concilia-rouanet.onrender.com' has been blocked by CORS policy: No 'Access-Control-Allow-Origin' header is present on the requested resource. @ https://concilia-rouanet.onrender.com/?deploy=a809daa:0
[  202112ms] [ERROR] Failed to load resource: net::ERR_FAILED @ https://rouanetconcilia-backend-y19v.onrender.com/health:0
[  212102ms] [ERROR] Access to fetch at 'https://rouanetconcilia-backend-y19v.onrender.com/health' from origin 'https://concilia-rouanet.onrender.com' has been blocked by CORS policy: No 'Access-Control-Allow-Origin' header is present on the requested resource. @ https://concilia-rouanet.onrender.com/?deploy=a809daa:0
[  212102ms] [ERROR] Failed to load resource: net::ERR_FAILED @ https://rouanetconcilia-backend-y19v.onrender.com/health:0
[  222118ms] [ERROR] Access to fetch at 'https://rouanetconcilia-backend-y19v.onrender.com/health' from origin 'https://concilia-rouanet.onrender.com' has been blocked by CORS policy: No 'Access-Control-Allow-Origin' header is present on the requested resource. @ https://concilia-rouanet.onrender.com/?deploy=a809daa:0
[  222118ms] [ERROR] Failed to load resource: net::ERR_FAILED @ https://rouanetconcilia-backend-y19v.onrender.com/health:0
[  232135ms] [ERROR] Access to fetch at 'https://rouanetconcilia-backend-y19v.onrender.com/health' from origin 'https://concilia-rouanet.onrender.com' has been blocked by CORS policy: No 'Access-Control-Allow-Origin' header is present on the requested resource. @ https://concilia-rouanet.onrender.com/?deploy=a809daa:0
[  232135ms] [ERROR] Failed to load resource: net::ERR_FAILED @ https://rouanetconcilia-backend-y19v.onrender.com/health:0
[  242095ms] [ERROR] Access to fetch at 'https://rouanetconcilia-backend-y19v.onrender.com/health' from origin 'https://concilia-rouanet.onrender.com' has been blocked by CORS policy: No 'Access-Control-Allow-Origin' header is present on the requested resource. @ https://concilia-rouanet.onrender.com/?deploy=a809daa:0
[  242095ms] [ERROR] Failed to load resource: net::ERR_FAILED @ https://rouanetconcilia-backend-y19v.onrender.com/health:0
[  252081ms] [ERROR] Access to fetch at 'https://rouanetconcilia-backend-y19v.onrender.com/health' from origin 'https://concilia-rouanet.onrender.com' has been blocked by CORS policy: No 'Access-Control-Allow-Origin' header is present on the requested resource. @ https://concilia-rouanet.onrender.com/?deploy=a809daa:0
[  252082ms] [ERROR] Failed to load resource: net::ERR_FAILED @ https://rouanetconcilia-backend-y19v.onrender.com/health:0
[  262114ms] [ERROR] Access to fetch at 'https://rouanetconcilia-backend-y19v.onrender.com/health' from origin 'https://concilia-rouanet.onrender.com' has been blocked by CORS policy: No 'Access-Control-Allow-Origin' header is present on the requested resource. @ https://concilia-rouanet.onrender.com/?deploy=a809daa:0
[  262114ms] [ERROR] Failed to load resource: net::ERR_FAILED @ https://rouanetconcilia-backend-y19v.onrender.com/health:0
[  272119ms] [ERROR] Access to fetch at 'https://rouanetconcilia-backend-y19v.onrender.com/health' from origin 'https://concilia-rouanet.onrender.com' has been blocked by CORS policy: No 'Access-Control-Allow-Origin' header is present on the requested resource. @ https://concilia-rouanet.onrender.com/?deploy=a809daa:0
[  272120ms] [ERROR] Failed to load resource: net::ERR_FAILED @ https://rouanetconcilia-backend-y19v.onrender.com/health:0
[  282121ms] [ERROR] Access to fetch at 'https://rouanetconcilia-backend-y19v.onrender.com/health' from origin 'https://concilia-rouanet.onrender.com' has been blocked by CORS policy: No 'Access-Control-Allow-Origin' header is present on the requested resource. @ https://concilia-rouanet.onrender.com/?deploy=a809daa:0
[  282121ms] [ERROR] Failed to load resource: net::ERR_FAILED @ https://rouanetconcilia-backend-y19v.onrender.com/health:0
