[    2105ms] [ERROR] Access to fetch at 'https://rouanetconcilia-backend-y19v.onrender.com/health' from origin 'https://concilia-rouanet.onrender.com' has been blocked by CORS policy: No 'Access-Control-Allow-Origin' header is present on the requested resource. @ https://concilia-rouanet.onrender.com/:0
[    2105ms] [ERROR] Failed to load resource: net::ERR_FAILED @ https://rouanetconcilia-backend-y19v.onrender.com/health:0
[   11877ms] [ERROR] Access to fetch at 'https://rouanetconcilia-backend-y19v.onrender.com/health' from origin 'https://concilia-rouanet.onrender.com' has been blocked by CORS policy: No 'Access-Control-Allow-Origin' header is present on the requested resource. @ https://concilia-rouanet.onrender.com/:0
[   11877ms] [ERROR] Failed to load resource: net::ERR_FAILED @ https://rouanetconcilia-backend-y19v.onrender.com/health:0
[   21868ms] [ERROR] Access to fetch at 'https://rouanetconcilia-backend-y19v.onrender.com/health' from origin 'https://concilia-rouanet.onrender.com' has been blocked by CORS policy: No 'Access-Control-Allow-Origin' header is present on the requested resource. @ https://concilia-rouanet.onrender.com/:0
[   21869ms] [ERROR] Failed to load resource: net::ERR_FAILED @ https://rouanetconcilia-backend-y19v.onrender.com/health:0
[   31819ms] [ERROR] Access to fetch at 'https://rouanetconcilia-backend-y19v.onrender.com/health' from origin 'https://concilia-rouanet.onrender.com' has been blocked by CORS policy: No 'Access-Control-Allow-Origin' header is present on the requested resource. @ https://concilia-rouanet.onrender.com/:0
[   31819ms] [ERROR] Failed to load resource: net::ERR_FAILED @ https://rouanetconcilia-backend-y19v.onrender.com/health:0
[   41821ms] [ERROR] Access to fetch at 'https://rouanetconcilia-backend-y19v.onrender.com/health' from origin 'https://concilia-rouanet.onrender.com' has been blocked by CORS policy: No 'Access-Control-Allow-Origin' header is present on the requested resource. @ https://concilia-rouanet.onrender.com/:0
[   41821ms] [ERROR] Failed to load resource: net::ERR_FAILED @ https://rouanetconcilia-backend-y19v.onrender.com/health:0
[   51889ms] [ERROR] Access to fetch at 'https://rouanetconcilia-backend-y19v.onrender.com/health' from origin 'https://concilia-rouanet.onrender.com' has been blocked by CORS policy: No 'Access-Control-Allow-Origin' header is present on the requested resource. @ https://concilia-rouanet.onrender.com/:0
[   51889ms] [ERROR] Failed to load resource: net::ERR_FAILED @ https://rouanetconcilia-backend-y19v.onrender.com/health:0
[   61809ms] [ERROR] Access to fetch at 'https://rouanetconcilia-backend-y19v.onrender.com/health' from origin 'https://concilia-rouanet.onrender.com' has been blocked by CORS policy: No 'Access-Control-Allow-Origin' header is present on the requested resource. @ https://concilia-rouanet.onrender.com/:0
[   61809ms] [ERROR] Failed to load resource: net::ERR_FAILED @ https://rouanetconcilia-backend-y19v.onrender.com/health:0
[   71834ms] [ERROR] Access to fetch at 'https://rouanetconcilia-backend-y19v.onrender.com/health' from origin 'https://concilia-rouanet.onrender.com' has been blocked by CORS policy: No 'Access-Control-Allow-Origin' header is present on the requested resource. @ https://concilia-rouanet.onrender.com/:0
[   71834ms] [ERROR] Failed to load resource: net::ERR_FAILED @ https://rouanetconcilia-backend-y19v.onrender.com/health:0
[   81803ms] [ERROR] Access to fetch at 'https://rouanetconcilia-backend-y19v.onrender.com/health' from origin 'https://concilia-rouanet.onrender.com' has been blocked by CORS policy: No 'Access-Control-Allow-Origin' header is present on the requested resource. @ https://concilia-rouanet.onrender.com/:0
[   81803ms] [ERROR] Failed to load resource: net::ERR_FAILED @ https://rouanetconcilia-backend-y19v.onrender.com/health:0
[   91929ms] [ERROR] Access to fetch at 'https://rouanetconcilia-backend-y19v.onrender.com/health' from origin 'https://concilia-rouanet.onrender.com' has been blocked by CORS policy: No 'Access-Control-Allow-Origin' header is present on the requested resource. @ https://concilia-rouanet.onrender.com/:0
[   91929ms] [ERROR] Failed to load resource: net::ERR_FAILED @ https://rouanetconcilia-backend-y19v.onrender.com/health:0
[  102251ms] [ERROR] Access to fetch at 'https://rouanetconcilia-backend-y19v.onrender.com/health' from origin 'https://concilia-rouanet.onrender.com' has been blocked by CORS policy: No 'Access-Control-Allow-Origin' header is present on the requested resource. @ https://concilia-rouanet.onrender.com/:0
[  102251ms] [ERROR] Failed to load resource: net::ERR_FAILED @ https://rouanetconcilia-backend-y19v.onrender.com/health:0
[  111866ms] [ERROR] Access to fetch at 'https://rouanetconcilia-backend-y19v.onrender.com/health' from origin 'https://concilia-rouanet.onrender.com' has been blocked by CORS policy: No 'Access-Control-Allow-Origin' header is present on the requested resource. @ https://concilia-rouanet.onrender.com/:0
[  111866ms] [ERROR] Failed to load resource: net::ERR_FAILED @ https://rouanetconcilia-backend-y19v.onrender.com/health:0
[  121797ms] [ERROR] Access to fetch at 'https://rouanetconcilia-backend-y19v.onrender.com/health' from origin 'https://concilia-rouanet.onrender.com' has been blocked by CORS policy: No 'Access-Control-Allow-Origin' header is present on the requested resource. @ https://concilia-rouanet.onrender.com/:0
[  121797ms] [ERROR] Failed to load resource: net::ERR_FAILED @ https://rouanetconcilia-backend-y19v.onrender.com/health:0
[  131857ms] [ERROR] Access to fetch at 'https://rouanetconcilia-backend-y19v.onrender.com/health' from origin 'https://concilia-rouanet.onrender.com' has been blocked by CORS policy: No 'Access-Control-Allow-Origin' header is present on the requested resource. @ https://concilia-rouanet.onrender.com/:0
[  131858ms] [ERROR] Failed to load resource: net::ERR_FAILED @ https://rouanetconcilia-backend-y19v.onrender.com/health:0
[  141884ms] [ERROR] Access to fetch at 'https://rouanetconcilia-backend-y19v.onrender.com/health' from origin 'https://concilia-rouanet.onrender.com' has been blocked by CORS policy: No 'Access-Control-Allow-Origin' header is present on the requested resource. @ https://concilia-rouanet.onrender.com/:0
[  141884ms] [ERROR] Failed to load resource: net::ERR_FAILED @ https://rouanetconcilia-backend-y19v.onrender.com/health:0
[  151796ms] [ERROR] Access to fetch at 'https://rouanetconcilia-backend-y19v.onrender.com/health' from origin 'https://concilia-rouanet.onrender.com' has been blocked by CORS policy: No 'Access-Control-Allow-Origin' header is present on the requested resource. @ https://concilia-rouanet.onrender.com/:0
[  151796ms] [ERROR] Failed to load resource: net::ERR_FAILED @ https://rouanetconcilia-backend-y19v.onrender.com/health:0
[  161801ms] [ERROR] Access to fetch at 'https://rouanetconcilia-backend-y19v.onrender.com/health' from origin 'https://concilia-rouanet.onrender.com' has been blocked by CORS policy: No 'Access-Control-Allow-Origin' header is present on the requested resource. @ https://concilia-rouanet.onrender.com/:0
[  161801ms] [ERROR] Failed to load resource: net::ERR_FAILED @ https://rouanetconcilia-backend-y19v.onrender.com/health:0
