[    1563ms] [ERROR] Access to fetch at 'https://rouanetconcilia-backend-y19v.onrender.com/health' from origin 'https://concilia-rouanet.onrender.com' has been blocked by CORS policy: No 'Access-Control-Allow-Origin' header is present on the requested resource. @ https://concilia-rouanet.onrender.com/?deploy=e1e0c89:0
[    1563ms] [ERROR] Failed to load resource: net::ERR_FAILED @ https://rouanetconcilia-backend-y19v.onrender.com/health:0
[   11562ms] [ERROR] Access to fetch at 'https://rouanetconcilia-backend-y19v.onrender.com/health' from origin 'https://concilia-rouanet.onrender.com' has been blocked by CORS policy: No 'Access-Control-Allow-Origin' header is present on the requested resource. @ https://concilia-rouanet.onrender.com/?deploy=e1e0c89:0
[   11562ms] [ERROR] Failed to load resource: net::ERR_FAILED @ https://rouanetconcilia-backend-y19v.onrender.com/health:0
[   21529ms] [ERROR] Access to fetch at 'https://rouanetconcilia-backend-y19v.onrender.com/health' from origin 'https://concilia-rouanet.onrender.com' has been blocked by CORS policy: No 'Access-Control-Allow-Origin' header is present on the requested resource. @ https://concilia-rouanet.onrender.com/?deploy=e1e0c89:0
[   21529ms] [ERROR] Failed to load resource: net::ERR_FAILED @ https://rouanetconcilia-backend-y19v.onrender.com/health:0
[   31536ms] [ERROR] Access to fetch at 'https://rouanetconcilia-backend-y19v.onrender.com/health' from origin 'https://concilia-rouanet.onrender.com' has been blocked by CORS policy: No 'Access-Control-Allow-Origin' header is present on the requested resource. @ https://concilia-rouanet.onrender.com/?deploy=e1e0c89:0
[   31536ms] [ERROR] Failed to load resource: net::ERR_FAILED @ https://rouanetconcilia-backend-y19v.onrender.com/health:0
[   41626ms] [ERROR] Access to fetch at 'https://rouanetconcilia-backend-y19v.onrender.com/health' from origin 'https://concilia-rouanet.onrender.com' has been blocked by CORS policy: No 'Access-Control-Allow-Origin' header is present on the requested resource. @ https://concilia-rouanet.onrender.com/?deploy=e1e0c89:0
[   41627ms] [ERROR] Failed to load resource: net::ERR_FAILED @ https://rouanetconcilia-backend-y19v.onrender.com/health:0
[   51515ms] [ERROR] Access to fetch at 'https://rouanetconcilia-backend-y19v.onrender.com/health' from origin 'https://concilia-rouanet.onrender.com' has been blocked by CORS policy: No 'Access-Control-Allow-Origin' header is present on the requested resource. @ https://concilia-rouanet.onrender.com/?deploy=e1e0c89:0
[   51515ms] [ERROR] Failed to load resource: net::ERR_FAILED @ https://rouanetconcilia-backend-y19v.onrender.com/health:0
[   61561ms] [ERROR] Access to fetch at 'https://rouanetconcilia-backend-y19v.onrender.com/health' from origin 'https://concilia-rouanet.onrender.com' has been blocked by CORS policy: No 'Access-Control-Allow-Origin' header is present on the requested resource. @ https://concilia-rouanet.onrender.com/?deploy=e1e0c89:0
[   61561ms] [ERROR] Failed to load resource: net::ERR_FAILED @ https://rouanetconcilia-backend-y19v.onrender.com/health:0
[   71560ms] [ERROR] Access to fetch at 'https://rouanetconcilia-backend-y19v.onrender.com/health' from origin 'https://concilia-rouanet.onrender.com' has been blocked by CORS policy: No 'Access-Control-Allow-Origin' header is present on the requested resource. @ https://concilia-rouanet.onrender.com/?deploy=e1e0c89:0
[   71560ms] [ERROR] Failed to load resource: net::ERR_FAILED @ https://rouanetconcilia-backend-y19v.onrender.com/health:0
[   81517ms] [ERROR] Access to fetch at 'https://rouanetconcilia-backend-y19v.onrender.com/health' from origin 'https://concilia-rouanet.onrender.com' has been blocked by CORS policy: No 'Access-Control-Allow-Origin' header is present on the requested resource. @ https://concilia-rouanet.onrender.com/?deploy=e1e0c89:0
[   81518ms] [ERROR] Failed to load resource: net::ERR_FAILED @ https://rouanetconcilia-backend-y19v.onrender.com/health:0
[   91555ms] [ERROR] Access to fetch at 'https://rouanetconcilia-backend-y19v.onrender.com/health' from origin 'https://concilia-rouanet.onrender.com' has been blocked by CORS policy: No 'Access-Control-Allow-Origin' header is present on the requested resource. @ https://concilia-rouanet.onrender.com/?deploy=e1e0c89:0
[   91555ms] [ERROR] Failed to load resource: net::ERR_FAILED @ https://rouanetconcilia-backend-y19v.onrender.com/health:0
[  101561ms] [ERROR] Access to fetch at 'https://rouanetconcilia-backend-y19v.onrender.com/health' from origin 'https://concilia-rouanet.onrender.com' has been blocked by CORS policy: No 'Access-Control-Allow-Origin' header is present on the requested resource. @ https://concilia-rouanet.onrender.com/?deploy=e1e0c89:0
[  101561ms] [ERROR] Failed to load resource: net::ERR_FAILED @ https://rouanetconcilia-backend-y19v.onrender.com/health:0
[  111564ms] [ERROR] Access to fetch at 'https://rouanetconcilia-backend-y19v.onrender.com/health' from origin 'https://concilia-rouanet.onrender.com' has been blocked by CORS policy: No 'Access-Control-Allow-Origin' header is present on the requested resource. @ https://concilia-rouanet.onrender.com/?deploy=e1e0c89:0
[  111564ms] [ERROR] Failed to load resource: net::ERR_FAILED @ https://rouanetconcilia-backend-y19v.onrender.com/health:0
[  122059ms] [ERROR] Access to fetch at 'https://rouanetconcilia-backend-y19v.onrender.com/health' from origin 'https://concilia-rouanet.onrender.com' has been blocked by CORS policy: No 'Access-Control-Allow-Origin' header is present on the requested resource. @ https://concilia-rouanet.onrender.com/?deploy=e1e0c89:0
[  122059ms] [ERROR] Failed to load resource: net::ERR_FAILED @ https://rouanetconcilia-backend-y19v.onrender.com/health:0
[  131566ms] [ERROR] Access to fetch at 'https://rouanetconcilia-backend-y19v.onrender.com/health' from origin 'https://concilia-rouanet.onrender.com' has been blocked by CORS policy: No 'Access-Control-Allow-Origin' header is present on the requested resource. @ https://concilia-rouanet.onrender.com/?deploy=e1e0c89:0
[  131566ms] [ERROR] Failed to load resource: net::ERR_FAILED @ https://rouanetconcilia-backend-y19v.onrender.com/health:0
[  142151ms] [ERROR] Access to fetch at 'https://rouanetconcilia-backend-y19v.onrender.com/health' from origin 'https://concilia-rouanet.onrender.com' has been blocked by CORS policy: No 'Access-Control-Allow-Origin' header is present on the requested resource. @ https://concilia-rouanet.onrender.com/?deploy=e1e0c89:0
[  142151ms] [ERROR] Failed to load resource: net::ERR_FAILED @ https://rouanetconcilia-backend-y19v.onrender.com/health:0
[  151691ms] [ERROR] Access to fetch at 'https://rouanetconcilia-backend-y19v.onrender.com/health' from origin 'https://concilia-rouanet.onrender.com' has been blocked by CORS policy: No 'Access-Control-Allow-Origin' header is present on the requested resource. @ https://concilia-rouanet.onrender.com/?deploy=e1e0c89:0
[  151692ms] [ERROR] Failed to load resource: net::ERR_FAILED @ https://rouanetconcilia-backend-y19v.onrender.com/health:0
[  161641ms] [ERROR] Access to fetch at 'https://rouanetconcilia-backend-y19v.onrender.com/health' from origin 'https://concilia-rouanet.onrender.com' has been blocked by CORS policy: No 'Access-Control-Allow-Origin' header is present on the requested resource. @ https://concilia-rouanet.onrender.com/?deploy=e1e0c89:0
[  161641ms] [ERROR] Failed to load resource: net::ERR_FAILED @ https://rouanetconcilia-backend-y19v.onrender.com/health:0
[  171609ms] [ERROR] Access to fetch at 'https://rouanetconcilia-backend-y19v.onrender.com/health' from origin 'https://concilia-rouanet.onrender.com' has been blocked by CORS policy: No 'Access-Control-Allow-Origin' header is present on the requested resource. @ https://concilia-rouanet.onrender.com/?deploy=e1e0c89:0
[  171609ms] [ERROR] Failed to load resource: net::ERR_FAILED @ https://rouanetconcilia-backend-y19v.onrender.com/health:0
[  181567ms] [ERROR] Access to fetch at 'https://rouanetconcilia-backend-y19v.onrender.com/health' from origin 'https://concilia-rouanet.onrender.com' has been blocked by CORS policy: No 'Access-Control-Allow-Origin' header is present on the requested resource. @ https://concilia-rouanet.onrender.com/?deploy=e1e0c89:0
[  181567ms] [ERROR] Failed to load resource: net::ERR_FAILED @ https://rouanetconcilia-backend-y19v.onrender.com/health:0
[  191601ms] [ERROR] Access to fetch at 'https://rouanetconcilia-backend-y19v.onrender.com/health' from origin 'https://concilia-rouanet.onrender.com' has been blocked by CORS policy: No 'Access-Control-Allow-Origin' header is present on the requested resource. @ https://concilia-rouanet.onrender.com/?deploy=e1e0c89:0
[  191601ms] [ERROR] Failed to load resource: net::ERR_FAILED @ https://rouanetconcilia-backend-y19v.onrender.com/health:0
[  201588ms] [ERROR] Access to fetch at 'https://rouanetconcilia-backend-y19v.onrender.com/health' from origin 'https://concilia-rouanet.onrender.com' has been blocked by CORS policy: No 'Access-Control-Allow-Origin' header is present on the requested resource. @ https://concilia-rouanet.onrender.com/?deploy=e1e0c89:0
[  201588ms] [ERROR] Failed to load resource: net::ERR_FAILED @ https://rouanetconcilia-backend-y19v.onrender.com/health:0
[  211534ms] [ERROR] Access to fetch at 'https://rouanetconcilia-backend-y19v.onrender.com/health' from origin 'https://concilia-rouanet.onrender.com' has been blocked by CORS policy: No 'Access-Control-Allow-Origin' header is present on the requested resource. @ https://concilia-rouanet.onrender.com/?deploy=e1e0c89:0
[  211534ms] [ERROR] Failed to load resource: net::ERR_FAILED @ https://rouanetconcilia-backend-y19v.onrender.com/health:0
[  221553ms] [ERROR] Access to fetch at 'https://rouanetconcilia-backend-y19v.onrender.com/health' from origin 'https://concilia-rouanet.onrender.com' has been blocked by CORS policy: No 'Access-Control-Allow-Origin' header is present on the requested resource. @ https://concilia-rouanet.onrender.com/?deploy=e1e0c89:0
[  221553ms] [ERROR] Failed to load resource: net::ERR_FAILED @ https://rouanetconcilia-backend-y19v.onrender.com/health:0
[  231634ms] [ERROR] Access to fetch at 'https://rouanetconcilia-backend-y19v.onrender.com/health' from origin 'https://concilia-rouanet.onrender.com' has been blocked by CORS policy: No 'Access-Control-Allow-Origin' header is present on the requested resource. @ https://concilia-rouanet.onrender.com/?deploy=e1e0c89:0
[  231634ms] [ERROR] Failed to load resource: net::ERR_FAILED @ https://rouanetconcilia-backend-y19v.onrender.com/health:0
[  241562ms] [ERROR] Access to fetch at 'https://rouanetconcilia-backend-y19v.onrender.com/health' from origin 'https://concilia-rouanet.onrender.com' has been blocked by CORS policy: No 'Access-Control-Allow-Origin' header is present on the requested resource. @ https://concilia-rouanet.onrender.com/?deploy=e1e0c89:0
[  241562ms] [ERROR] Failed to load resource: net::ERR_FAILED @ https://rouanetconcilia-backend-y19v.onrender.com/health:0
[  251528ms] [ERROR] Access to fetch at 'https://rouanetconcilia-backend-y19v.onrender.com/health' from origin 'https://concilia-rouanet.onrender.com' has been blocked by CORS policy: No 'Access-Control-Allow-Origin' header is present on the requested resource. @ https://concilia-rouanet.onrender.com/?deploy=e1e0c89:0
[  251529ms] [ERROR] Failed to load resource: net::ERR_FAILED @ https://rouanetconcilia-backend-y19v.onrender.com/health:0
[  261526ms] [ERROR] Access to fetch at 'https://rouanetconcilia-backend-y19v.onrender.com/health' from origin 'https://concilia-rouanet.onrender.com' has been blocked by CORS policy: No 'Access-Control-Allow-Origin' header is present on the requested resource. @ https://concilia-rouanet.onrender.com/?deploy=e1e0c89:0
[  261526ms] [ERROR] Failed to load resource: net::ERR_FAILED @ https://rouanetconcilia-backend-y19v.onrender.com/health:0
[  271560ms] [ERROR] Access to fetch at 'https://rouanetconcilia-backend-y19v.onrender.com/health' from origin 'https://concilia-rouanet.onrender.com' has been blocked by CORS policy: No 'Access-Control-Allow-Origin' header is present on the requested resource. @ https://concilia-rouanet.onrender.com/?deploy=e1e0c89:0
[  271560ms] [ERROR] Failed to load resource: net::ERR_FAILED @ https://rouanetconcilia-backend-y19v.onrender.com/health:0
[  281573ms] [ERROR] Access to fetch at 'https://rouanetconcilia-backend-y19v.onrender.com/health' from origin 'https://concilia-rouanet.onrender.com' has been blocked by CORS policy: No 'Access-Control-Allow-Origin' header is present on the requested resource. @ https://concilia-rouanet.onrender.com/?deploy=e1e0c89:0
[  281573ms] [ERROR] Failed to load resource: net::ERR_FAILED @ https://rouanetconcilia-backend-y19v.onrender.com/health:0
[  291627ms] [ERROR] Access to fetch at 'https://rouanetconcilia-backend-y19v.onrender.com/health' from origin 'https://concilia-rouanet.onrender.com' has been blocked by CORS policy: No 'Access-Control-Allow-Origin' header is present on the requested resource. @ https://concilia-rouanet.onrender.com/?deploy=e1e0c89:0
[  291627ms] [ERROR] Failed to load resource: net::ERR_FAILED @ https://rouanetconcilia-backend-y19v.onrender.com/health:0
