[    1218ms] [ERROR] Failed to load resource: the server responded with a status of 503 () @ https://concilia-rouanet.onrender.com/:0
[   25033ms] [ERROR] Access to fetch at 'https://rouanetconcilia-backend-y19v.onrender.com/health' from origin 'https://concilia-rouanet.onrender.com' has been blocked by CORS policy: No 'Access-Control-Allow-Origin' header is present on the requested resource. @ https://concilia-rouanet.onrender.com/:0
[   25034ms] [ERROR] Failed to load resource: net::ERR_FAILED @ https://rouanetconcilia-backend-y19v.onrender.com/health:0
[   34552ms] [ERROR] Access to fetch at 'https://rouanetconcilia-backend-y19v.onrender.com/health' from origin 'https://concilia-rouanet.onrender.com' has been blocked by CORS policy: No 'Access-Control-Allow-Origin' header is present on the requested resource. @ https://concilia-rouanet.onrender.com/:0
[   34552ms] [ERROR] Failed to load resource: net::ERR_FAILED @ https://rouanetconcilia-backend-y19v.onrender.com/health:0
[   44537ms] [ERROR] Access to fetch at 'https://rouanetconcilia-backend-y19v.onrender.com/health' from origin 'https://concilia-rouanet.onrender.com' has been blocked by CORS policy: No 'Access-Control-Allow-Origin' header is present on the requested resource. @ https://concilia-rouanet.onrender.com/:0
[   44537ms] [ERROR] Failed to load resource: net::ERR_FAILED @ https://rouanetconcilia-backend-y19v.onrender.com/health:0
[   54926ms] [ERROR] Access to fetch at 'https://rouanetconcilia-backend-y19v.onrender.com/health' from origin 'https://concilia-rouanet.onrender.com' has been blocked by CORS policy: No 'Access-Control-Allow-Origin' header is present on the requested resource. @ https://concilia-rouanet.onrender.com/:0
[   54926ms] [ERROR] Failed to load resource: net::ERR_FAILED @ https://rouanetconcilia-backend-y19v.onrender.com/health:0
[   64534ms] [ERROR] Access to fetch at 'https://rouanetconcilia-backend-y19v.onrender.com/health' from origin 'https://concilia-rouanet.onrender.com' has been blocked by CORS policy: No 'Access-Control-Allow-Origin' header is present on the requested resource. @ https://concilia-rouanet.onrender.com/:0
[   64534ms] [ERROR] Failed to load resource: net::ERR_FAILED @ https://rouanetconcilia-backend-y19v.onrender.com/health:0
[   74569ms] [ERROR] Access to fetch at 'https://rouanetconcilia-backend-y19v.onrender.com/health' from origin 'https://concilia-rouanet.onrender.com' has been blocked by CORS policy: No 'Access-Control-Allow-Origin' header is present on the requested resource. @ https://concilia-rouanet.onrender.com/:0
[   74569ms] [ERROR] Failed to load resource: net::ERR_FAILED @ https://rouanetconcilia-backend-y19v.onrender.com/health:0
[   84523ms] [ERROR] Access to fetch at 'https://rouanetconcilia-backend-y19v.onrender.com/health' from origin 'https://concilia-rouanet.onrender.com' has been blocked by CORS policy: No 'Access-Control-Allow-Origin' header is present on the requested resource. @ https://concilia-rouanet.onrender.com/:0
[   84523ms] [ERROR] Failed to load resource: net::ERR_FAILED @ https://rouanetconcilia-backend-y19v.onrender.com/health:0
[   94511ms] [ERROR] Access to fetch at 'https://rouanetconcilia-backend-y19v.onrender.com/health' from origin 'https://concilia-rouanet.onrender.com' has been blocked by CORS policy: No 'Access-Control-Allow-Origin' header is present on the requested resource. @ https://concilia-rouanet.onrender.com/:0
[   94511ms] [ERROR] Failed to load resource: net::ERR_FAILED @ https://rouanetconcilia-backend-y19v.onrender.com/health:0
[  104532ms] [ERROR] Access to fetch at 'https://rouanetconcilia-backend-y19v.onrender.com/health' from origin 'https://concilia-rouanet.onrender.com' has been blocked by CORS policy: No 'Access-Control-Allow-Origin' header is present on the requested resource. @ https://concilia-rouanet.onrender.com/:0
[  104533ms] [ERROR] Failed to load resource: net::ERR_FAILED @ https://rouanetconcilia-backend-y19v.onrender.com/health:0
[  114511ms] [ERROR] Access to fetch at 'https://rouanetconcilia-backend-y19v.onrender.com/health' from origin 'https://concilia-rouanet.onrender.com' has been blocked by CORS policy: No 'Access-Control-Allow-Origin' header is present on the requested resource. @ https://concilia-rouanet.onrender.com/:0
[  114511ms] [ERROR] Failed to load resource: net::ERR_FAILED @ https://rouanetconcilia-backend-y19v.onrender.com/health:0
[  124523ms] [ERROR] Access to fetch at 'https://rouanetconcilia-backend-y19v.onrender.com/health' from origin 'https://concilia-rouanet.onrender.com' has been blocked by CORS policy: No 'Access-Control-Allow-Origin' header is present on the requested resource. @ https://concilia-rouanet.onrender.com/:0
[  124523ms] [ERROR] Failed to load resource: net::ERR_FAILED @ https://rouanetconcilia-backend-y19v.onrender.com/health:0
[  134546ms] [ERROR] Access to fetch at 'https://rouanetconcilia-backend-y19v.onrender.com/health' from origin 'https://concilia-rouanet.onrender.com' has been blocked by CORS policy: No 'Access-Control-Allow-Origin' header is present on the requested resource. @ https://concilia-rouanet.onrender.com/:0
[  134546ms] [ERROR] Failed to load resource: net::ERR_FAILED @ https://rouanetconcilia-backend-y19v.onrender.com/health:0
[  144568ms] [ERROR] Access to fetch at 'https://rouanetconcilia-backend-y19v.onrender.com/health' from origin 'https://concilia-rouanet.onrender.com' has been blocked by CORS policy: No 'Access-Control-Allow-Origin' header is present on the requested resource. @ https://concilia-rouanet.onrender.com/:0
[  144569ms] [ERROR] Failed to load resource: net::ERR_FAILED @ https://rouanetconcilia-backend-y19v.onrender.com/health:0
[  154541ms] [ERROR] Access to fetch at 'https://rouanetconcilia-backend-y19v.onrender.com/health' from origin 'https://concilia-rouanet.onrender.com' has been blocked by CORS policy: No 'Access-Control-Allow-Origin' header is present on the requested resource. @ https://concilia-rouanet.onrender.com/:0
[  154541ms] [ERROR] Failed to load resource: net::ERR_FAILED @ https://rouanetconcilia-backend-y19v.onrender.com/health:0
[  164524ms] [ERROR] Access to fetch at 'https://rouanetconcilia-backend-y19v.onrender.com/health' from origin 'https://concilia-rouanet.onrender.com' has been blocked by CORS policy: No 'Access-Control-Allow-Origin' header is present on the requested resource. @ https://concilia-rouanet.onrender.com/:0
[  164525ms] [ERROR] Failed to load resource: net::ERR_FAILED @ https://rouanetconcilia-backend-y19v.onrender.com/health:0
[  174546ms] [ERROR] Access to fetch at 'https://rouanetconcilia-backend-y19v.onrender.com/health' from origin 'https://concilia-rouanet.onrender.com' has been blocked by CORS policy: No 'Access-Control-Allow-Origin' header is present on the requested resource. @ https://concilia-rouanet.onrender.com/:0
[  174546ms] [ERROR] Failed to load resource: net::ERR_FAILED @ https://rouanetconcilia-backend-y19v.onrender.com/health:0
[  184538ms] [ERROR] Access to fetch at 'https://rouanetconcilia-backend-y19v.onrender.com/health' from origin 'https://concilia-rouanet.onrender.com' has been blocked by CORS policy: No 'Access-Control-Allow-Origin' header is present on the requested resource. @ https://concilia-rouanet.onrender.com/:0
[  184538ms] [ERROR] Failed to load resource: net::ERR_FAILED @ https://rouanetconcilia-backend-y19v.onrender.com/health:0
[  195358ms] [ERROR] Access to fetch at 'https://rouanetconcilia-backend-y19v.onrender.com/health' from origin 'https://concilia-rouanet.onrender.com' has been blocked by CORS policy: No 'Access-Control-Allow-Origin' header is present on the requested resource. @ https://concilia-rouanet.onrender.com/:0
[  195358ms] [ERROR] Failed to load resource: net::ERR_FAILED @ https://rouanetconcilia-backend-y19v.onrender.com/health:0
[  205392ms] [ERROR] Access to fetch at 'https://rouanetconcilia-backend-y19v.onrender.com/health' from origin 'https://concilia-rouanet.onrender.com' has been blocked by CORS policy: No 'Access-Control-Allow-Origin' header is present on the requested resource. @ https://concilia-rouanet.onrender.com/:0
[  205392ms] [ERROR] Failed to load resource: net::ERR_FAILED @ https://rouanetconcilia-backend-y19v.onrender.com/health:0
[  214663ms] [ERROR] Access to fetch at 'https://rouanetconcilia-backend-y19v.onrender.com/health' from origin 'https://concilia-rouanet.onrender.com' has been blocked by CORS policy: No 'Access-Control-Allow-Origin' header is present on the requested resource. @ https://concilia-rouanet.onrender.com/:0
[  214663ms] [ERROR] Failed to load resource: net::ERR_FAILED @ https://rouanetconcilia-backend-y19v.onrender.com/health:0
[  224552ms] [ERROR] Access to fetch at 'https://rouanetconcilia-backend-y19v.onrender.com/health' from origin 'https://concilia-rouanet.onrender.com' has been blocked by CORS policy: No 'Access-Control-Allow-Origin' header is present on the requested resource. @ https://concilia-rouanet.onrender.com/:0
[  224552ms] [ERROR] Failed to load resource: net::ERR_FAILED @ https://rouanetconcilia-backend-y19v.onrender.com/health:0
[  234553ms] [ERROR] Access to fetch at 'https://rouanetconcilia-backend-y19v.onrender.com/health' from origin 'https://concilia-rouanet.onrender.com' has been blocked by CORS policy: No 'Access-Control-Allow-Origin' header is present on the requested resource. @ https://concilia-rouanet.onrender.com/:0
[  234553ms] [ERROR] Failed to load resource: net::ERR_FAILED @ https://rouanetconcilia-backend-y19v.onrender.com/health:0
[  244576ms] [ERROR] Access to fetch at 'https://rouanetconcilia-backend-y19v.onrender.com/health' from origin 'https://concilia-rouanet.onrender.com' has been blocked by CORS policy: No 'Access-Control-Allow-Origin' header is present on the requested resource. @ https://concilia-rouanet.onrender.com/:0
[  244576ms] [ERROR] Failed to load resource: net::ERR_FAILED @ https://rouanetconcilia-backend-y19v.onrender.com/health:0
[  254577ms] [ERROR] Access to fetch at 'https://rouanetconcilia-backend-y19v.onrender.com/health' from origin 'https://concilia-rouanet.onrender.com' has been blocked by CORS policy: No 'Access-Control-Allow-Origin' header is present on the requested resource. @ https://concilia-rouanet.onrender.com/:0
[  254577ms] [ERROR] Failed to load resource: net::ERR_FAILED @ https://rouanetconcilia-backend-y19v.onrender.com/health:0
[  265791ms] [ERROR] Access to fetch at 'https://rouanetconcilia-backend-y19v.onrender.com/health' from origin 'https://concilia-rouanet.onrender.com' has been blocked by CORS policy: No 'Access-Control-Allow-Origin' header is present on the requested resource. @ https://concilia-rouanet.onrender.com/:0
[  265791ms] [ERROR] Failed to load resource: net::ERR_FAILED @ https://rouanetconcilia-backend-y19v.onrender.com/health:0
[  275087ms] [ERROR] Access to fetch at 'https://rouanetconcilia-backend-y19v.onrender.com/health' from origin 'https://concilia-rouanet.onrender.com' has been blocked by CORS policy: No 'Access-Control-Allow-Origin' header is present on the requested resource. @ https://concilia-rouanet.onrender.com/:0
[  275087ms] [ERROR] Failed to load resource: net::ERR_FAILED @ https://rouanetconcilia-backend-y19v.onrender.com/health:0
[  284859ms] [ERROR] Access to fetch at 'https://rouanetconcilia-backend-y19v.onrender.com/health' from origin 'https://concilia-rouanet.onrender.com' has been blocked by CORS policy: No 'Access-Control-Allow-Origin' header is present on the requested resource. @ https://concilia-rouanet.onrender.com/:0
[  284859ms] [ERROR] Failed to load resource: net::ERR_FAILED @ https://rouanetconcilia-backend-y19v.onrender.com/health:0
[  294543ms] [ERROR] Access to fetch at 'https://rouanetconcilia-backend-y19v.onrender.com/health' from origin 'https://concilia-rouanet.onrender.com' has been blocked by CORS policy: No 'Access-Control-Allow-Origin' header is present on the requested resource. @ https://concilia-rouanet.onrender.com/:0
[  294543ms] [ERROR] Failed to load resource: net::ERR_FAILED @ https://rouanetconcilia-backend-y19v.onrender.com/health:0
[  304540ms] [ERROR] Access to fetch at 'https://rouanetconcilia-backend-y19v.onrender.com/health' from origin 'https://concilia-rouanet.onrender.com' has been blocked by CORS policy: No 'Access-Control-Allow-Origin' header is present on the requested resource. @ https://concilia-rouanet.onrender.com/:0
[  304541ms] [ERROR] Failed to load resource: net::ERR_FAILED @ https://rouanetconcilia-backend-y19v.onrender.com/health:0
[  315386ms] [ERROR] Access to fetch at 'https://rouanetconcilia-backend-y19v.onrender.com/health' from origin 'https://concilia-rouanet.onrender.com' has been blocked by CORS policy: No 'Access-Control-Allow-Origin' header is present on the requested resource. @ https://concilia-rouanet.onrender.com/:0
[  315386ms] [ERROR] Failed to load resource: net::ERR_FAILED @ https://rouanetconcilia-backend-y19v.onrender.com/health:0
[  324520ms] [ERROR] Access to fetch at 'https://rouanetconcilia-backend-y19v.onrender.com/health' from origin 'https://concilia-rouanet.onrender.com' has been blocked by CORS policy: No 'Access-Control-Allow-Origin' header is present on the requested resource. @ https://concilia-rouanet.onrender.com/:0
[  324520ms] [ERROR] Failed to load resource: net::ERR_FAILED @ https://rouanetconcilia-backend-y19v.onrender.com/health:0
[  334660ms] [ERROR] Access to fetch at 'https://rouanetconcilia-backend-y19v.onrender.com/health' from origin 'https://concilia-rouanet.onrender.com' has been blocked by CORS policy: No 'Access-Control-Allow-Origin' header is present on the requested resource. @ https://concilia-rouanet.onrender.com/:0
[  334660ms] [ERROR] Failed to load resource: net::ERR_FAILED @ https://rouanetconcilia-backend-y19v.onrender.com/health:0
[  344509ms] [ERROR] Access to fetch at 'https://rouanetconcilia-backend-y19v.onrender.com/health' from origin 'https://concilia-rouanet.onrender.com' has been blocked by CORS policy: No 'Access-Control-Allow-Origin' header is present on the requested resource. @ https://concilia-rouanet.onrender.com/:0
[  344510ms] [ERROR] Failed to load resource: net::ERR_FAILED @ https://rouanetconcilia-backend-y19v.onrender.com/health:0
[  354539ms] [ERROR] Access to fetch at 'https://rouanetconcilia-backend-y19v.onrender.com/health' from origin 'https://concilia-rouanet.onrender.com' has been blocked by CORS policy: No 'Access-Control-Allow-Origin' header is present on the requested resource. @ https://concilia-rouanet.onrender.com/:0
[  354539ms] [ERROR] Failed to load resource: net::ERR_FAILED @ https://rouanetconcilia-backend-y19v.onrender.com/health:0
[  365110ms] [ERROR] Access to fetch at 'https://rouanetconcilia-backend-y19v.onrender.com/health' from origin 'https://concilia-rouanet.onrender.com' has been blocked by CORS policy: No 'Access-Control-Allow-Origin' header is present on the requested resource. @ https://concilia-rouanet.onrender.com/:0
[  365111ms] [ERROR] Failed to load resource: net::ERR_FAILED @ https://rouanetconcilia-backend-y19v.onrender.com/health:0
[  376052ms] [ERROR] Access to fetch at 'https://rouanetconcilia-backend-y19v.onrender.com/health' from origin 'https://concilia-rouanet.onrender.com' has been blocked by CORS policy: No 'Access-Control-Allow-Origin' header is present on the requested resource. @ https://concilia-rouanet.onrender.com/:0
[  376052ms] [ERROR] Failed to load resource: net::ERR_FAILED @ https://rouanetconcilia-backend-y19v.onrender.com/health:0
[  384549ms] [ERROR] Access to fetch at 'https://rouanetconcilia-backend-y19v.onrender.com/health' from origin 'https://concilia-rouanet.onrender.com' has been blocked by CORS policy: No 'Access-Control-Allow-Origin' header is present on the requested resource. @ https://concilia-rouanet.onrender.com/:0
[  384549ms] [ERROR] Failed to load resource: net::ERR_FAILED @ https://rouanetconcilia-backend-y19v.onrender.com/health:0
[  394539ms] [ERROR] Access to fetch at 'https://rouanetconcilia-backend-y19v.onrender.com/health' from origin 'https://concilia-rouanet.onrender.com' has been blocked by CORS policy: No 'Access-Control-Allow-Origin' header is present on the requested resource. @ https://concilia-rouanet.onrender.com/:0
[  394539ms] [ERROR] Failed to load resource: net::ERR_FAILED @ https://rouanetconcilia-backend-y19v.onrender.com/health:0
[  406407ms] [ERROR] Access to fetch at 'https://rouanetconcilia-backend-y19v.onrender.com/health' from origin 'https://concilia-rouanet.onrender.com' has been blocked by CORS policy: No 'Access-Control-Allow-Origin' header is present on the requested resource. @ https://concilia-rouanet.onrender.com/:0
[  406407ms] [ERROR] Failed to load resource: net::ERR_FAILED @ https://rouanetconcilia-backend-y19v.onrender.com/health:0
[  414846ms] [ERROR] Access to fetch at 'https://rouanetconcilia-backend-y19v.onrender.com/health' from origin 'https://concilia-rouanet.onrender.com' has been blocked by CORS policy: No 'Access-Control-Allow-Origin' header is present on the requested resource. @ https://concilia-rouanet.onrender.com/:0
[  414846ms] [ERROR] Failed to load resource: net::ERR_FAILED @ https://rouanetconcilia-backend-y19v.onrender.com/health:0
[  424911ms] [ERROR] Access to fetch at 'https://rouanetconcilia-backend-y19v.onrender.com/health' from origin 'https://concilia-rouanet.onrender.com' has been blocked by CORS policy: No 'Access-Control-Allow-Origin' header is present on the requested resource. @ https://concilia-rouanet.onrender.com/:0
[  424911ms] [ERROR] Failed to load resource: net::ERR_FAILED @ https://rouanetconcilia-backend-y19v.onrender.com/health:0
[  434557ms] [ERROR] Access to fetch at 'https://rouanetconcilia-backend-y19v.onrender.com/health' from origin 'https://concilia-rouanet.onrender.com' has been blocked by CORS policy: No 'Access-Control-Allow-Origin' header is present on the requested resource. @ https://concilia-rouanet.onrender.com/:0
[  434557ms] [ERROR] Failed to load resource: net::ERR_FAILED @ https://rouanetconcilia-backend-y19v.onrender.com/health:0
[  444549ms] [ERROR] Access to fetch at 'https://rouanetconcilia-backend-y19v.onrender.com/health' from origin 'https://concilia-rouanet.onrender.com' has been blocked by CORS policy: No 'Access-Control-Allow-Origin' header is present on the requested resource. @ https://concilia-rouanet.onrender.com/:0
[  444550ms] [ERROR] Failed to load resource: net::ERR_FAILED @ https://rouanetconcilia-backend-y19v.onrender.com/health:0
[  455359ms] [ERROR] Access to fetch at 'https://rouanetconcilia-backend-y19v.onrender.com/health' from origin 'https://concilia-rouanet.onrender.com' has been blocked by CORS policy: No 'Access-Control-Allow-Origin' header is present on the requested resource. @ https://concilia-rouanet.onrender.com/:0
[  455359ms] [ERROR] Failed to load resource: net::ERR_FAILED @ https://rouanetconcilia-backend-y19v.onrender.com/health:0
[  464913ms] [ERROR] Access to fetch at 'https://rouanetconcilia-backend-y19v.onrender.com/health' from origin 'https://concilia-rouanet.onrender.com' has been blocked by CORS policy: No 'Access-Control-Allow-Origin' header is present on the requested resource. @ https://concilia-rouanet.onrender.com/:0
[  464913ms] [ERROR] Failed to load resource: net::ERR_FAILED @ https://rouanetconcilia-backend-y19v.onrender.com/health:0
[  474644ms] [ERROR] Access to fetch at 'https://rouanetconcilia-backend-y19v.onrender.com/health' from origin 'https://concilia-rouanet.onrender.com' has been blocked by CORS policy: No 'Access-Control-Allow-Origin' header is present on the requested resource. @ https://concilia-rouanet.onrender.com/:0
[  474644ms] [ERROR] Failed to load resource: net::ERR_FAILED @ https://rouanetconcilia-backend-y19v.onrender.com/health:0
[  484795ms] [ERROR] Access to fetch at 'https://rouanetconcilia-backend-y19v.onrender.com/health' from origin 'https://concilia-rouanet.onrender.com' has been blocked by CORS policy: No 'Access-Control-Allow-Origin' header is present on the requested resource. @ https://concilia-rouanet.onrender.com/:0
[  484796ms] [ERROR] Failed to load resource: net::ERR_FAILED @ https://rouanetconcilia-backend-y19v.onrender.com/health:0
[  494562ms] [ERROR] Access to fetch at 'https://rouanetconcilia-backend-y19v.onrender.com/health' from origin 'https://concilia-rouanet.onrender.com' has been blocked by CORS policy: No 'Access-Control-Allow-Origin' header is present on the requested resource. @ https://concilia-rouanet.onrender.com/:0
[  494562ms] [ERROR] Failed to load resource: net::ERR_FAILED @ https://rouanetconcilia-backend-y19v.onrender.com/health:0
[  506046ms] [ERROR] Access to fetch at 'https://rouanetconcilia-backend-y19v.onrender.com/health' from origin 'https://concilia-rouanet.onrender.com' has been blocked by CORS policy: No 'Access-Control-Allow-Origin' header is present on the requested resource. @ https://concilia-rouanet.onrender.com/:0
[  506047ms] [ERROR] Failed to load resource: net::ERR_FAILED @ https://rouanetconcilia-backend-y19v.onrender.com/health:0
[  514564ms] [ERROR] Access to fetch at 'https://rouanetconcilia-backend-y19v.onrender.com/health' from origin 'https://concilia-rouanet.onrender.com' has been blocked by CORS policy: No 'Access-Control-Allow-Origin' header is present on the requested resource. @ https://concilia-rouanet.onrender.com/:0
[  514564ms] [ERROR] Failed to load resource: net::ERR_FAILED @ https://rouanetconcilia-backend-y19v.onrender.com/health:0
[  524726ms] [ERROR] Access to fetch at 'https://rouanetconcilia-backend-y19v.onrender.com/health' from origin 'https://concilia-rouanet.onrender.com' has been blocked by CORS policy: No 'Access-Control-Allow-Origin' header is present on the requested resource. @ https://concilia-rouanet.onrender.com/:0
[  524726ms] [ERROR] Failed to load resource: net::ERR_FAILED @ https://rouanetconcilia-backend-y19v.onrender.com/health:0
[  534624ms] [ERROR] Access to fetch at 'https://rouanetconcilia-backend-y19v.onrender.com/health' from origin 'https://concilia-rouanet.onrender.com' has been blocked by CORS policy: No 'Access-Control-Allow-Origin' header is present on the requested resource. @ https://concilia-rouanet.onrender.com/:0
[  534624ms] [ERROR] Failed to load resource: net::ERR_FAILED @ https://rouanetconcilia-backend-y19v.onrender.com/health:0
[  544541ms] [ERROR] Access to fetch at 'https://rouanetconcilia-backend-y19v.onrender.com/health' from origin 'https://concilia-rouanet.onrender.com' has been blocked by CORS policy: No 'Access-Control-Allow-Origin' header is present on the requested resource. @ https://concilia-rouanet.onrender.com/:0
[  544541ms] [ERROR] Failed to load resource: net::ERR_FAILED @ https://rouanetconcilia-backend-y19v.onrender.com/health:0
[  554649ms] [ERROR] Access to fetch at 'https://rouanetconcilia-backend-y19v.onrender.com/health' from origin 'https://concilia-rouanet.onrender.com' has been blocked by CORS policy: No 'Access-Control-Allow-Origin' header is present on the requested resource. @ https://concilia-rouanet.onrender.com/:0
[  554649ms] [ERROR] Failed to load resource: net::ERR_FAILED @ https://rouanetconcilia-backend-y19v.onrender.com/health:0
[  564538ms] [ERROR] Access to fetch at 'https://rouanetconcilia-backend-y19v.onrender.com/health' from origin 'https://concilia-rouanet.onrender.com' has been blocked by CORS policy: No 'Access-Control-Allow-Origin' header is present on the requested resource. @ https://concilia-rouanet.onrender.com/:0
[  564538ms] [ERROR] Failed to load resource: net::ERR_FAILED @ https://rouanetconcilia-backend-y19v.onrender.com/health:0
[  574538ms] [ERROR] Access to fetch at 'https://rouanetconcilia-backend-y19v.onrender.com/health' from origin 'https://concilia-rouanet.onrender.com' has been blocked by CORS policy: No 'Access-Control-Allow-Origin' header is present on the requested resource. @ https://concilia-rouanet.onrender.com/:0
[  574538ms] [ERROR] Failed to load resource: net::ERR_FAILED @ https://rouanetconcilia-backend-y19v.onrender.com/health:0
[  584650ms] [ERROR] Access to fetch at 'https://rouanetconcilia-backend-y19v.onrender.com/health' from origin 'https://concilia-rouanet.onrender.com' has been blocked by CORS policy: No 'Access-Control-Allow-Origin' header is present on the requested resource. @ https://concilia-rouanet.onrender.com/:0
[  584650ms] [ERROR] Failed to load resource: net::ERR_FAILED @ https://rouanetconcilia-backend-y19v.onrender.com/health:0
[  594993ms] [ERROR] Access to fetch at 'https://rouanetconcilia-backend-y19v.onrender.com/health' from origin 'https://concilia-rouanet.onrender.com' has been blocked by CORS policy: No 'Access-Control-Allow-Origin' header is present on the requested resource. @ https://concilia-rouanet.onrender.com/:0
[  594994ms] [ERROR] Failed to load resource: net::ERR_FAILED @ https://rouanetconcilia-backend-y19v.onrender.com/health:0
[  604796ms] [ERROR] Access to fetch at 'https://rouanetconcilia-backend-y19v.onrender.com/health' from origin 'https://concilia-rouanet.onrender.com' has been blocked by CORS policy: No 'Access-Control-Allow-Origin' header is present on the requested resource. @ https://concilia-rouanet.onrender.com/:0
[  604796ms] [ERROR] Failed to load resource: net::ERR_FAILED @ https://rouanetconcilia-backend-y19v.onrender.com/health:0
[  614690ms] [ERROR] Access to fetch at 'https://rouanetconcilia-backend-y19v.onrender.com/health' from origin 'https://concilia-rouanet.onrender.com' has been blocked by CORS policy: No 'Access-Control-Allow-Origin' header is present on the requested resource. @ https://concilia-rouanet.onrender.com/:0
[  614691ms] [ERROR] Failed to load resource: net::ERR_FAILED @ https://rouanetconcilia-backend-y19v.onrender.com/health:0
[  624632ms] [ERROR] Access to fetch at 'https://rouanetconcilia-backend-y19v.onrender.com/health' from origin 'https://concilia-rouanet.onrender.com' has been blocked by CORS policy: No 'Access-Control-Allow-Origin' header is present on the requested resource. @ https://concilia-rouanet.onrender.com/:0
[  624632ms] [ERROR] Failed to load resource: net::ERR_FAILED @ https://rouanetconcilia-backend-y19v.onrender.com/health:0
[  634527ms] [ERROR] Access to fetch at 'https://rouanetconcilia-backend-y19v.onrender.com/health' from origin 'https://concilia-rouanet.onrender.com' has been blocked by CORS policy: No 'Access-Control-Allow-Origin' header is present on the requested resource. @ https://concilia-rouanet.onrender.com/:0
[  634527ms] [ERROR] Failed to load resource: net::ERR_FAILED @ https://rouanetconcilia-backend-y19v.onrender.com/health:0
[  645132ms] [ERROR] Access to fetch at 'https://rouanetconcilia-backend-y19v.onrender.com/health' from origin 'https://concilia-rouanet.onrender.com' has been blocked by CORS policy: No 'Access-Control-Allow-Origin' header is present on the requested resource. @ https://concilia-rouanet.onrender.com/:0
[  645132ms] [ERROR] Failed to load resource: net::ERR_FAILED @ https://rouanetconcilia-backend-y19v.onrender.com/health:0
[  654684ms] [ERROR] Access to fetch at 'https://rouanetconcilia-backend-y19v.onrender.com/health' from origin 'https://concilia-rouanet.onrender.com' has been blocked by CORS policy: No 'Access-Control-Allow-Origin' header is present on the requested resource. @ https://concilia-rouanet.onrender.com/:0
[  654684ms] [ERROR] Failed to load resource: net::ERR_FAILED @ https://rouanetconcilia-backend-y19v.onrender.com/health:0
[  664543ms] [ERROR] Access to fetch at 'https://rouanetconcilia-backend-y19v.onrender.com/health' from origin 'https://concilia-rouanet.onrender.com' has been blocked by CORS policy: No 'Access-Control-Allow-Origin' header is present on the requested resource. @ https://concilia-rouanet.onrender.com/:0
[  664544ms] [ERROR] Failed to load resource: net::ERR_FAILED @ https://rouanetconcilia-backend-y19v.onrender.com/health:0
[  674609ms] [ERROR] Access to fetch at 'https://rouanetconcilia-backend-y19v.onrender.com/health' from origin 'https://concilia-rouanet.onrender.com' has been blocked by CORS policy: No 'Access-Control-Allow-Origin' header is present on the requested resource. @ https://concilia-rouanet.onrender.com/:0
[  674609ms] [ERROR] Failed to load resource: net::ERR_FAILED @ https://rouanetconcilia-backend-y19v.onrender.com/health:0
[  684661ms] [ERROR] Access to fetch at 'https://rouanetconcilia-backend-y19v.onrender.com/health' from origin 'https://concilia-rouanet.onrender.com' has been blocked by CORS policy: No 'Access-Control-Allow-Origin' header is present on the requested resource. @ https://concilia-rouanet.onrender.com/:0
[  684661ms] [ERROR] Failed to load resource: net::ERR_FAILED @ https://rouanetconcilia-backend-y19v.onrender.com/health:0
[  694532ms] [ERROR] Access to fetch at 'https://rouanetconcilia-backend-y19v.onrender.com/health' from origin 'https://concilia-rouanet.onrender.com' has been blocked by CORS policy: No 'Access-Control-Allow-Origin' header is present on the requested resource. @ https://concilia-rouanet.onrender.com/:0
[  694532ms] [ERROR] Failed to load resource: net::ERR_FAILED @ https://rouanetconcilia-backend-y19v.onrender.com/health:0
[  704540ms] [ERROR] Access to fetch at 'https://rouanetconcilia-backend-y19v.onrender.com/health' from origin 'https://concilia-rouanet.onrender.com' has been blocked by CORS policy: No 'Access-Control-Allow-Origin' header is present on the requested resource. @ https://concilia-rouanet.onrender.com/:0
[  704540ms] [ERROR] Failed to load resource: net::ERR_FAILED @ https://rouanetconcilia-backend-y19v.onrender.com/health:0
[  714517ms] [ERROR] Access to fetch at 'https://rouanetconcilia-backend-y19v.onrender.com/health' from origin 'https://concilia-rouanet.onrender.com' has been blocked by CORS policy: No 'Access-Control-Allow-Origin' header is present on the requested resource. @ https://concilia-rouanet.onrender.com/:0
[  714518ms] [ERROR] Failed to load resource: net::ERR_FAILED @ https://rouanetconcilia-backend-y19v.onrender.com/health:0
[  724598ms] [ERROR] Access to fetch at 'https://rouanetconcilia-backend-y19v.onrender.com/health' from origin 'https://concilia-rouanet.onrender.com' has been blocked by CORS policy: No 'Access-Control-Allow-Origin' header is present on the requested resource. @ https://concilia-rouanet.onrender.com/:0
[  724598ms] [ERROR] Failed to load resource: net::ERR_FAILED @ https://rouanetconcilia-backend-y19v.onrender.com/health:0
[  734513ms] [ERROR] Access to fetch at 'https://rouanetconcilia-backend-y19v.onrender.com/health' from origin 'https://concilia-rouanet.onrender.com' has been blocked by CORS policy: No 'Access-Control-Allow-Origin' header is present on the requested resource. @ https://concilia-rouanet.onrender.com/:0
[  734514ms] [ERROR] Failed to load resource: net::ERR_FAILED @ https://rouanetconcilia-backend-y19v.onrender.com/health:0
[  745164ms] [ERROR] Access to fetch at 'https://rouanetconcilia-backend-y19v.onrender.com/health' from origin 'https://concilia-rouanet.onrender.com' has been blocked by CORS policy: No 'Access-Control-Allow-Origin' header is present on the requested resource. @ https://concilia-rouanet.onrender.com/:0
[  745164ms] [ERROR] Failed to load resource: net::ERR_FAILED @ https://rouanetconcilia-backend-y19v.onrender.com/health:0
[  754656ms] [ERROR] Access to fetch at 'https://rouanetconcilia-backend-y19v.onrender.com/health' from origin 'https://concilia-rouanet.onrender.com' has been blocked by CORS policy: No 'Access-Control-Allow-Origin' header is present on the requested resource. @ https://concilia-rouanet.onrender.com/:0
[  754656ms] [ERROR] Failed to load resource: net::ERR_FAILED @ https://rouanetconcilia-backend-y19v.onrender.com/health:0
[  764956ms] [ERROR] Access to fetch at 'https://rouanetconcilia-backend-y19v.onrender.com/health' from origin 'https://concilia-rouanet.onrender.com' has been blocked by CORS policy: No 'Access-Control-Allow-Origin' header is present on the requested resource. @ https://concilia-rouanet.onrender.com/:0
[  764956ms] [ERROR] Failed to load resource: net::ERR_FAILED @ https://rouanetconcilia-backend-y19v.onrender.com/health:0
