[    1983ms] [ERROR] Access to fetch at 'https://rouanetconcilia-backend-y19v.onrender.com/health' from origin 'https://concilia-rouanet.onrender.com' has been blocked by CORS policy: No 'Access-Control-Allow-Origin' header is present on the requested resource. @ https://concilia-rouanet.onrender.com/?deploy=6a12ca4:0
[    1983ms] [ERROR] Failed to load resource: net::ERR_FAILED @ https://rouanetconcilia-backend-y19v.onrender.com/health:0
[   11966ms] [ERROR] Access to fetch at 'https://rouanetconcilia-backend-y19v.onrender.com/health' from origin 'https://concilia-rouanet.onrender.com' has been blocked by CORS policy: No 'Access-Control-Allow-Origin' header is present on the requested resource. @ https://concilia-rouanet.onrender.com/?deploy=6a12ca4:0
[   11966ms] [ERROR] Failed to load resource: net::ERR_FAILED @ https://rouanetconcilia-backend-y19v.onrender.com/health:0
[   21876ms] [ERROR] Access to fetch at 'https://rouanetconcilia-backend-y19v.onrender.com/health' from origin 'https://concilia-rouanet.onrender.com' has been blocked by CORS policy: No 'Access-Control-Allow-Origin' header is present on the requested resource. @ https://concilia-rouanet.onrender.com/?deploy=6a12ca4:0
[   21876ms] [ERROR] Failed to load resource: net::ERR_FAILED @ https://rouanetconcilia-backend-y19v.onrender.com/health:0
[   31899ms] [ERROR] Access to fetch at 'https://rouanetconcilia-backend-y19v.onrender.com/health' from origin 'https://concilia-rouanet.onrender.com' has been blocked by CORS policy: No 'Access-Control-Allow-Origin' header is present on the requested resource. @ https://concilia-rouanet.onrender.com/?deploy=6a12ca4:0
[   31900ms] [ERROR] Failed to load resource: net::ERR_FAILED @ https://rouanetconcilia-backend-y19v.onrender.com/health:0
[   41901ms] [ERROR] Access to fetch at 'https://rouanetconcilia-backend-y19v.onrender.com/health' from origin 'https://concilia-rouanet.onrender.com' has been blocked by CORS policy: No 'Access-Control-Allow-Origin' header is present on the requested resource. @ https://concilia-rouanet.onrender.com/?deploy=6a12ca4:0
[   41902ms] [ERROR] Failed to load resource: net::ERR_FAILED @ https://rouanetconcilia-backend-y19v.onrender.com/health:0
[   51892ms] [ERROR] Access to fetch at 'https://rouanetconcilia-backend-y19v.onrender.com/health' from origin 'https://concilia-rouanet.onrender.com' has been blocked by CORS policy: No 'Access-Control-Allow-Origin' header is present on the requested resource. @ https://concilia-rouanet.onrender.com/?deploy=6a12ca4:0
[   51892ms] [ERROR] Failed to load resource: net::ERR_FAILED @ https://rouanetconcilia-backend-y19v.onrender.com/health:0
[   61869ms] [ERROR] Access to fetch at 'https://rouanetconcilia-backend-y19v.onrender.com/health' from origin 'https://concilia-rouanet.onrender.com' has been blocked by CORS policy: No 'Access-Control-Allow-Origin' header is present on the requested resource. @ https://concilia-rouanet.onrender.com/?deploy=6a12ca4:0
[   61870ms] [ERROR] Failed to load resource: net::ERR_FAILED @ https://rouanetconcilia-backend-y19v.onrender.com/health:0
[   71869ms] [ERROR] Access to fetch at 'https://rouanetconcilia-backend-y19v.onrender.com/health' from origin 'https://concilia-rouanet.onrender.com' has been blocked by CORS policy: No 'Access-Control-Allow-Origin' header is present on the requested resource. @ https://concilia-rouanet.onrender.com/?deploy=6a12ca4:0
[   71869ms] [ERROR] Failed to load resource: net::ERR_FAILED @ https://rouanetconcilia-backend-y19v.onrender.com/health:0
[   81880ms] [ERROR] Access to fetch at 'https://rouanetconcilia-backend-y19v.onrender.com/health' from origin 'https://concilia-rouanet.onrender.com' has been blocked by CORS policy: No 'Access-Control-Allow-Origin' header is present on the requested resource. @ https://concilia-rouanet.onrender.com/?deploy=6a12ca4:0
[   81880ms] [ERROR] Failed to load resource: net::ERR_FAILED @ https://rouanetconcilia-backend-y19v.onrender.com/health:0
[   91878ms] [ERROR] Access to fetch at 'https://rouanetconcilia-backend-y19v.onrender.com/health' from origin 'https://concilia-rouanet.onrender.com' has been blocked by CORS policy: No 'Access-Control-Allow-Origin' header is present on the requested resource. @ https://concilia-rouanet.onrender.com/?deploy=6a12ca4:0
[   91878ms] [ERROR] Failed to load resource: net::ERR_FAILED @ https://rouanetconcilia-backend-y19v.onrender.com/health:0
[  101915ms] [ERROR] Access to fetch at 'https://rouanetconcilia-backend-y19v.onrender.com/health' from origin 'https://concilia-rouanet.onrender.com' has been blocked by CORS policy: No 'Access-Control-Allow-Origin' header is present on the requested resource. @ https://concilia-rouanet.onrender.com/?deploy=6a12ca4:0
[  101915ms] [ERROR] Failed to load resource: net::ERR_FAILED @ https://rouanetconcilia-backend-y19v.onrender.com/health:0
[  111894ms] [ERROR] Access to fetch at 'https://rouanetconcilia-backend-y19v.onrender.com/health' from origin 'https://concilia-rouanet.onrender.com' has been blocked by CORS policy: No 'Access-Control-Allow-Origin' header is present on the requested resource. @ https://concilia-rouanet.onrender.com/?deploy=6a12ca4:0
[  111894ms] [ERROR] Failed to load resource: net::ERR_FAILED @ https://rouanetconcilia-backend-y19v.onrender.com/health:0
[  122048ms] [ERROR] Access to fetch at 'https://rouanetconcilia-backend-y19v.onrender.com/health' from origin 'https://concilia-rouanet.onrender.com' has been blocked by CORS policy: No 'Access-Control-Allow-Origin' header is present on the requested resource. @ https://concilia-rouanet.onrender.com/?deploy=6a12ca4:0
[  122048ms] [ERROR] Failed to load resource: net::ERR_FAILED @ https://rouanetconcilia-backend-y19v.onrender.com/health:0
[  131872ms] [ERROR] Access to fetch at 'https://rouanetconcilia-backend-y19v.onrender.com/health' from origin 'https://concilia-rouanet.onrender.com' has been blocked by CORS policy: No 'Access-Control-Allow-Origin' header is present on the requested resource. @ https://concilia-rouanet.onrender.com/?deploy=6a12ca4:0
[  131873ms] [ERROR] Failed to load resource: net::ERR_FAILED @ https://rouanetconcilia-backend-y19v.onrender.com/health:0
[  141861ms] [ERROR] Access to fetch at 'https://rouanetconcilia-backend-y19v.onrender.com/health' from origin 'https://concilia-rouanet.onrender.com' has been blocked by CORS policy: No 'Access-Control-Allow-Origin' header is present on the requested resource. @ https://concilia-rouanet.onrender.com/?deploy=6a12ca4:0
[  141862ms] [ERROR] Failed to load resource: net::ERR_FAILED @ https://rouanetconcilia-backend-y19v.onrender.com/health:0
[  151889ms] [ERROR] Access to fetch at 'https://rouanetconcilia-backend-y19v.onrender.com/health' from origin 'https://concilia-rouanet.onrender.com' has been blocked by CORS policy: No 'Access-Control-Allow-Origin' header is present on the requested resource. @ https://concilia-rouanet.onrender.com/?deploy=6a12ca4:0
[  151889ms] [ERROR] Failed to load resource: net::ERR_FAILED @ https://rouanetconcilia-backend-y19v.onrender.com/health:0
[  161887ms] [ERROR] Access to fetch at 'https://rouanetconcilia-backend-y19v.onrender.com/health' from origin 'https://concilia-rouanet.onrender.com' has been blocked by CORS policy: No 'Access-Control-Allow-Origin' header is present on the requested resource. @ https://concilia-rouanet.onrender.com/?deploy=6a12ca4:0
[  161887ms] [ERROR] Failed to load resource: net::ERR_FAILED @ https://rouanetconcilia-backend-y19v.onrender.com/health:0
[  171902ms] [ERROR] Access to fetch at 'https://rouanetconcilia-backend-y19v.onrender.com/health' from origin 'https://concilia-rouanet.onrender.com' has been blocked by CORS policy: No 'Access-Control-Allow-Origin' header is present on the requested resource. @ https://concilia-rouanet.onrender.com/?deploy=6a12ca4:0
[  171903ms] [ERROR] Failed to load resource: net::ERR_FAILED @ https://rouanetconcilia-backend-y19v.onrender.com/health:0
[  181884ms] [ERROR] Access to fetch at 'https://rouanetconcilia-backend-y19v.onrender.com/health' from origin 'https://concilia-rouanet.onrender.com' has been blocked by CORS policy: No 'Access-Control-Allow-Origin' header is present on the requested resource. @ https://concilia-rouanet.onrender.com/?deploy=6a12ca4:0
[  181884ms] [ERROR] Failed to load resource: net::ERR_FAILED @ https://rouanetconcilia-backend-y19v.onrender.com/health:0
[  191964ms] [ERROR] Access to fetch at 'https://rouanetconcilia-backend-y19v.onrender.com/health' from origin 'https://concilia-rouanet.onrender.com' has been blocked by CORS policy: No 'Access-Control-Allow-Origin' header is present on the requested resource. @ https://concilia-rouanet.onrender.com/?deploy=6a12ca4:0
[  191964ms] [ERROR] Failed to load resource: net::ERR_FAILED @ https://rouanetconcilia-backend-y19v.onrender.com/health:0
[  201892ms] [ERROR] Access to fetch at 'https://rouanetconcilia-backend-y19v.onrender.com/health' from origin 'https://concilia-rouanet.onrender.com' has been blocked by CORS policy: No 'Access-Control-Allow-Origin' header is present on the requested resource. @ https://concilia-rouanet.onrender.com/?deploy=6a12ca4:0
[  201892ms] [ERROR] Failed to load resource: net::ERR_FAILED @ https://rouanetconcilia-backend-y19v.onrender.com/health:0
[  211896ms] [ERROR] Access to fetch at 'https://rouanetconcilia-backend-y19v.onrender.com/health' from origin 'https://concilia-rouanet.onrender.com' has been blocked by CORS policy: No 'Access-Control-Allow-Origin' header is present on the requested resource. @ https://concilia-rouanet.onrender.com/?deploy=6a12ca4:0
[  211896ms] [ERROR] Failed to load resource: net::ERR_FAILED @ https://rouanetconcilia-backend-y19v.onrender.com/health:0
[  221904ms] [ERROR] Access to fetch at 'https://rouanetconcilia-backend-y19v.onrender.com/health' from origin 'https://concilia-rouanet.onrender.com' has been blocked by CORS policy: No 'Access-Control-Allow-Origin' header is present on the requested resource. @ https://concilia-rouanet.onrender.com/?deploy=6a12ca4:0
[  221904ms] [ERROR] Failed to load resource: net::ERR_FAILED @ https://rouanetconcilia-backend-y19v.onrender.com/health:0
[  231926ms] [ERROR] Access to fetch at 'https://rouanetconcilia-backend-y19v.onrender.com/health' from origin 'https://concilia-rouanet.onrender.com' has been blocked by CORS policy: No 'Access-Control-Allow-Origin' header is present on the requested resource. @ https://concilia-rouanet.onrender.com/?deploy=6a12ca4:0
[  231926ms] [ERROR] Failed to load resource: net::ERR_FAILED @ https://rouanetconcilia-backend-y19v.onrender.com/health:0
[  241910ms] [ERROR] Access to fetch at 'https://rouanetconcilia-backend-y19v.onrender.com/health' from origin 'https://concilia-rouanet.onrender.com' has been blocked by CORS policy: No 'Access-Control-Allow-Origin' header is present on the requested resource. @ https://concilia-rouanet.onrender.com/?deploy=6a12ca4:0
[  241910ms] [ERROR] Failed to load resource: net::ERR_FAILED @ https://rouanetconcilia-backend-y19v.onrender.com/health:0
[  251902ms] [ERROR] Access to fetch at 'https://rouanetconcilia-backend-y19v.onrender.com/health' from origin 'https://concilia-rouanet.onrender.com' has been blocked by CORS policy: No 'Access-Control-Allow-Origin' header is present on the requested resource. @ https://concilia-rouanet.onrender.com/?deploy=6a12ca4:0
[  251902ms] [ERROR] Failed to load resource: net::ERR_FAILED @ https://rouanetconcilia-backend-y19v.onrender.com/health:0
[  261889ms] [ERROR] Access to fetch at 'https://rouanetconcilia-backend-y19v.onrender.com/health' from origin 'https://concilia-rouanet.onrender.com' has been blocked by CORS policy: No 'Access-Control-Allow-Origin' header is present on the requested resource. @ https://concilia-rouanet.onrender.com/?deploy=6a12ca4:0
[  261889ms] [ERROR] Failed to load resource: net::ERR_FAILED @ https://rouanetconcilia-backend-y19v.onrender.com/health:0
[  271888ms] [ERROR] Access to fetch at 'https://rouanetconcilia-backend-y19v.onrender.com/health' from origin 'https://concilia-rouanet.onrender.com' has been blocked by CORS policy: No 'Access-Control-Allow-Origin' header is present on the requested resource. @ https://concilia-rouanet.onrender.com/?deploy=6a12ca4:0
[  271888ms] [ERROR] Failed to load resource: net::ERR_FAILED @ https://rouanetconcilia-backend-y19v.onrender.com/health:0
[  281868ms] [ERROR] Access to fetch at 'https://rouanetconcilia-backend-y19v.onrender.com/health' from origin 'https://concilia-rouanet.onrender.com' has been blocked by CORS policy: No 'Access-Control-Allow-Origin' header is present on the requested resource. @ https://concilia-rouanet.onrender.com/?deploy=6a12ca4:0
[  281868ms] [ERROR] Failed to load resource: net::ERR_FAILED @ https://rouanetconcilia-backend-y19v.onrender.com/health:0
[  291875ms] [ERROR] Access to fetch at 'https://rouanetconcilia-backend-y19v.onrender.com/health' from origin 'https://concilia-rouanet.onrender.com' has been blocked by CORS policy: No 'Access-Control-Allow-Origin' header is present on the requested resource. @ https://concilia-rouanet.onrender.com/?deploy=6a12ca4:0
[  291876ms] [ERROR] Failed to load resource: net::ERR_FAILED @ https://rouanetconcilia-backend-y19v.onrender.com/health:0
